# Ideas
Summarize launch steps
